Archive member included to satisfy reference by file (symbol)

c:/st/stm32cubeide_1.1.0/stm32cubeide/plugins/com.st.stm32cube.ide.mcu.externaltools.gnu-tools-for-stm32.9-2020-q2-update.win32_2.0.0.202105311346/tools/bin/../lib/gcc/arm-none-eabi/9.3.1/../../../../arm-none-eabi/lib/thumb/v6-m/nofp\libc_nano.a(lib_a-errno.o)
                              ./Core/Src/syscalls.o (__errno)
c:/st/stm32cubeide_1.1.0/stm32cubeide/plugins/com.st.stm32cube.ide.mcu.externaltools.gnu-tools-for-stm32.9-2020-q2-update.win32_2.0.0.202105311346/tools/bin/../lib/gcc/arm-none-eabi/9.3.1/../../../../arm-none-eabi/lib/thumb/v6-m/nofp\libc_nano.a(lib_a-exit.o)
                              c:/st/stm32cubeide_1.1.0/stm32cubeide/plugins/com.st.stm32cube.ide.mcu.externaltools.gnu-tools-for-stm32.9-2020-q2-update.win32_2.0.0.202105311346/tools/bin/../lib/gcc/arm-none-eabi/9.3.1/../../../../arm-none-eabi/lib/thumb/v6-m/nofp/crt0.o (exit)
c:/st/stm32cubeide_1.1.0/stm32cubeide/plugins/com.st.stm32cube.ide.mcu.externaltools.gnu-tools-for-stm32.9-2020-q2-update.win32_2.0.0.202105311346/tools/bin/../lib/gcc/arm-none-eabi/9.3.1/../../../../arm-none-eabi/lib/thumb/v6-m/nofp\libc_nano.a(lib_a-impure.o)
                              c:/st/stm32cubeide_1.1.0/stm32cubeide/plugins/com.st.stm32cube.ide.mcu.externaltools.gnu-tools-for-stm32.9-2020-q2-update.win32_2.0.0.202105311346/tools/bin/../lib/gcc/arm-none-eabi/9.3.1/../../../../arm-none-eabi/lib/thumb/v6-m/nofp\libc_nano.a(lib_a-exit.o) (_global_impure_ptr)
c:/st/stm32cubeide_1.1.0/stm32cubeide/plugins/com.st.stm32cube.ide.mcu.externaltools.gnu-tools-for-stm32.9-2020-q2-update.win32_2.0.0.202105311346/tools/bin/../lib/gcc/arm-none-eabi/9.3.1/../../../../arm-none-eabi/lib/thumb/v6-m/nofp\libc_nano.a(lib_a-init.o)
                              c:/st/stm32cubeide_1.1.0/stm32cubeide/plugins/com.st.stm32cube.ide.mcu.externaltools.gnu-tools-for-stm32.9-2020-q2-update.win32_2.0.0.202105311346/tools/bin/../lib/gcc/arm-none-eabi/9.3.1/../../../../arm-none-eabi/lib/thumb/v6-m/nofp/crt0.o (__libc_init_array)
c:/st/stm32cubeide_1.1.0/stm32cubeide/plugins/com.st.stm32cube.ide.mcu.externaltools.gnu-tools-for-stm32.9-2020-q2-update.win32_2.0.0.202105311346/tools/bin/../lib/gcc/arm-none-eabi/9.3.1/../../../../arm-none-eabi/lib/thumb/v6-m/nofp\libc_nano.a(lib_a-memcpy-stub.o)
                              ./Core/Src/main.o (memcpy)
c:/st/stm32cubeide_1.1.0/stm32cubeide/plugins/com.st.stm32cube.ide.mcu.externaltools.gnu-tools-for-stm32.9-2020-q2-update.win32_2.0.0.202105311346/tools/bin/../lib/gcc/arm-none-eabi/9.3.1/../../../../arm-none-eabi/lib/thumb/v6-m/nofp\libc_nano.a(lib_a-memset.o)
                              c:/st/stm32cubeide_1.1.0/stm32cubeide/plugins/com.st.stm32cube.ide.mcu.externaltools.gnu-tools-for-stm32.9-2020-q2-update.win32_2.0.0.202105311346/tools/bin/../lib/gcc/arm-none-eabi/9.3.1/../../../../arm-none-eabi/lib/thumb/v6-m/nofp/crt0.o (memset)
c:/st/stm32cubeide_1.1.0/stm32cubeide/plugins/com.st.stm32cube.ide.mcu.externaltools.gnu-tools-for-stm32.9-2020-q2-update.win32_2.0.0.202105311346/tools/bin/../lib/gcc/arm-none-eabi/9.3.1/thumb/v6-m/nofp\libgcc.a(_udivsi3.o)
                              ./Core/Src/led.o (__aeabi_uidiv)
c:/st/stm32cubeide_1.1.0/stm32cubeide/plugins/com.st.stm32cube.ide.mcu.externaltools.gnu-tools-for-stm32.9-2020-q2-update.win32_2.0.0.202105311346/tools/bin/../lib/gcc/arm-none-eabi/9.3.1/thumb/v6-m/nofp\libgcc.a(_divsi3.o)
                              ./Core/Src/main.o (__aeabi_idiv)
c:/st/stm32cubeide_1.1.0/stm32cubeide/plugins/com.st.stm32cube.ide.mcu.externaltools.gnu-tools-for-stm32.9-2020-q2-update.win32_2.0.0.202105311346/tools/bin/../lib/gcc/arm-none-eabi/9.3.1/thumb/v6-m/nofp\libgcc.a(_dvmd_tls.o)
                              c:/st/stm32cubeide_1.1.0/stm32cubeide/plugins/com.st.stm32cube.ide.mcu.externaltools.gnu-tools-for-stm32.9-2020-q2-update.win32_2.0.0.202105311346/tools/bin/../lib/gcc/arm-none-eabi/9.3.1/thumb/v6-m/nofp\libgcc.a(_udivsi3.o) (__aeabi_idiv0)
c:/st/stm32cubeide_1.1.0/stm32cubeide/plugins/com.st.stm32cube.ide.mcu.externaltools.gnu-tools-for-stm32.9-2020-q2-update.win32_2.0.0.202105311346/tools/bin/../lib/gcc/arm-none-eabi/9.3.1/thumb/v6-m/nofp\libgcc.a(_arm_cmpdf2.o)
                              ./Core/Src/mylib.o (__aeabi_dcmpge)
c:/st/stm32cubeide_1.1.0/stm32cubeide/plugins/com.st.stm32cube.ide.mcu.externaltools.gnu-tools-for-stm32.9-2020-q2-update.win32_2.0.0.202105311346/tools/bin/../lib/gcc/arm-none-eabi/9.3.1/thumb/v6-m/nofp\libgcc.a(_arm_cmpsf2.o)
                              ./Core/Src/mylib.o (__aeabi_fcmpeq)
c:/st/stm32cubeide_1.1.0/stm32cubeide/plugins/com.st.stm32cube.ide.mcu.externaltools.gnu-tools-for-stm32.9-2020-q2-update.win32_2.0.0.202105311346/tools/bin/../lib/gcc/arm-none-eabi/9.3.1/thumb/v6-m/nofp\libgcc.a(addsf3.o)
                              ./Core/Src/mylib.o (__aeabi_fadd)
[...]
Memory Configuration

Name             Origin             Length             Attributes
RAM              0x0000000020000000 0x0000000000001800 xrw
FLASH            0x0000000008000000 0x0000000000008000 xr
*default*        0x0000000000000000 0xffffffffffffffff

Linker script and memory map

LOAD c:/st/stm32cubeide_1.1.0/stm32cubeide/plugins/com.st.stm32cube.ide.mcu.externaltools.gnu-tools-for-stm32.9-2020-q2-update.win32_2.0.0.202105311346/tools/bin/../lib/gcc/arm-none-eabi/9.3.1/thumb/v6-m/nofp/crti.o
LOAD c:/st/stm32cubeide_1.1.0/stm32cubeide/plugins/com.st.stm32cube.ide.mcu.externaltools.gnu-tools-for-stm32.9-2020-q2-update.win32_2.0.0.202105311346/tools/bin/../lib/gcc/arm-none-eabi/9.3.1/thumb/v6-m/nofp/crtbegin.o
LOAD c:/st/stm32cubeide_1.1.0/stm32cubeide/plugins/com.st.stm32cube.ide.mcu.externaltools.gnu-tools-for-stm32.9-2020-q2-update.win32_2.0.0.202105311346/tools/bin/../lib/gcc/arm-none-eabi/9.3.1/../../../../arm-none-eabi/lib/thumb/v6-m/nofp/crt0.o
LOAD ./Core/Src/AS5600.o
LOAD ./Core/Src/dSW.o
LOAD ./Core/Src/inverter.o
LOAD ./Core/Src/led.o
LOAD ./Core/Src/main.o
LOAD ./Core/Src/mylib.o
LOAD ./Core/Src/stm32f0xx_hal_msp.o
LOAD ./Core/Src/stm32f0xx_it.o
LOAD ./Core/Src/syscalls.o
LOAD ./Core/Src/sysmem.o
LOAD ./Core/Src/system_stm32f0xx.o
LOAD ./Core/Startup/startup_stm32f042k6ux.o
LOAD ./Drivers/STM32F0xx_HAL_Driver/Src/stm32f0xx_hal.o
LOAD ./Drivers/STM32F0xx_HAL_Driver/Src/stm32f0xx_hal_adc.o
LOAD ./Drivers/STM32F0xx_HAL_Driver/Src/stm32f0xx_hal_adc_ex.o
LOAD ./Drivers/STM32F0xx_HAL_Driver/Src/stm32f0xx_hal_cortex.o
LOAD ./Drivers/STM32F0xx_HAL_Driver/Src/stm32f0xx_hal_dma.o
LOAD ./Drivers/STM32F0xx_HAL_Driver/Src/stm32f0xx_hal_exti.o
LOAD ./Drivers/STM32F0xx_HAL_Driver/Src/stm32f0xx_hal_flash.o
LOAD ./Drivers/STM32F0xx_HAL_Driver/Src/stm32f0xx_hal_flash_ex.o
LOAD ./Drivers/STM32F0xx_HAL_Driver/Src/stm32f0xx_hal_gpio.o
LOAD ./Drivers/STM32F0xx_HAL_Driver/Src/stm32f0xx_hal_i2c.o
LOAD ./Drivers/STM32F0xx_HAL_Driver/Src/stm32f0xx_hal_i2c_ex.o
LOAD ./Drivers/STM32F0xx_HAL_Driver/Src/stm32f0xx_hal_pwr.o
LOAD ./Drivers/STM32F0xx_HAL_Driver/Src/stm32f0xx_hal_pwr_ex.o
LOAD ./Drivers/STM32F0xx_HAL_Driver/Src/stm32f0xx_hal_rcc.o
LOAD ./Drivers/STM32F0xx_HAL_Driver/Src/stm32f0xx_hal_rcc_ex.o
LOAD ./Drivers/STM32F0xx_HAL_Driver/Src/stm32f0xx_hal_tim.o
LOAD ./Drivers/STM32F0xx_HAL_Driver/Src/stm32f0xx_hal_tim_ex.o
START GROUP
LOAD c:/st/stm32cubeide_1.1.0/stm32cubeide/plugins/com.st.stm32cube.ide.mcu.externaltools.gnu-tools-for-stm32.9-2020-q2-update.win32_2.0.0.202105311346/tools/bin/../lib/gcc/arm-none-eabi/9.3.1/../../../../arm-none-eabi/lib/thumb/v6-m/nofp\libc_nano.a
LOAD c:/st/stm32cubeide_1.1.0/stm32cubeide/plugins/com.st.stm32cube.ide.mcu.externaltools.gnu-tools-for-stm32.9-2020-q2-update.win32_2.0.0.202105311346/tools/bin/../lib/gcc/arm-none-eabi/9.3.1/../../../../arm-none-eabi/lib/thumb/v6-m/nofp\libm.a
END GROUP
START GROUP
LOAD c:/st/stm32cubeide_1.1.0/stm32cubeide/plugins/com.st.stm32cube.ide.mcu.externaltools.gnu-tools-for-stm32.9-2020-q2-update.win32_2.0.0.202105311346/tools/bin/../lib/gcc/arm-none-eabi/9.3.1/thumb/v6-m/nofp\libgcc.a
LOAD c:/st/stm32cubeide_1.1.0/stm32cubeide/plugins/com.st.stm32cube.ide.mcu.externaltools.gnu-tools-for-stm32.9-2020-q2-update.win32_2.0.0.202105311346/tools/bin/../lib/gcc/arm-none-eabi/9.3.1/../../../../arm-none-eabi/lib/thumb/v6-m/nofp\libc_nano.a
END GROUP
START GROUP
LOAD c:/st/stm32cubeide_1.1.0/stm32cubeide/plugins/com.st.stm32cube.ide.mcu.externaltools.gnu-tools-for-stm32.9-2020-q2-update.win32_2.0.0.202105311346/tools/bin/../lib/gcc/arm-none-eabi/9.3.1/thumb/v6-m/nofp\libgcc.a
LOAD c:/st/stm32cubeide_1.1.0/stm32cubeide/plugins/com.st.stm32cube.ide.mcu.externaltools.gnu-tools-for-stm32.9-2020-q2-update.win32_2.0.0.202105311346/tools/bin/../lib/gcc/arm-none-eabi/9.3.1/../../../../arm-none-eabi/lib/thumb/v6-m/nofp\libc_nano.a
LOAD c:/st/stm32cubeide_1.1.0/stm32cubeide/plugins/com.st.stm32cube.ide.mcu.externaltools.gnu-tools-for-stm32.9-2020-q2-update.win32_2.0.0.202105311346/tools/bin/../lib/gcc/arm-none-eabi/9.3.1/../../../../arm-none-eabi/lib/thumb/v6-m/nofp\libnosys.a
END GROUP
START GROUP
LOAD c:/st/stm32cubeide_1.1.0/stm32cubeide/plugins/com.st.stm32cube.ide.mcu.externaltools.gnu-tools-for-stm32.9-2020-q2-update.win32_2.0.0.202105311346/tools/bin/../lib/gcc/arm-none-eabi/9.3.1/thumb/v6-m/nofp\libgcc.a
LOAD c:/st/stm32cubeide_1.1.0/stm32cubeide/plugins/com.st.stm32cube.ide.mcu.externaltools.gnu-tools-for-stm32.9-2020-q2-update.win32_2.0.0.202105311346/tools/bin/../lib/gcc/arm-none-eabi/9.3.1/../../../../arm-none-eabi/lib/thumb/v6-m/nofp\libc_nano.a
LOAD c:/st/stm32cubeide_1.1.0/stm32cubeide/plugins/com.st.stm32cube.ide.mcu.externaltools.gnu-tools-for-stm32.9-2020-q2-update.win32_2.0.0.202105311346/tools/bin/../lib/gcc/arm-none-eabi/9.3.1/../../../../arm-none-eabi/lib/thumb/v6-m/nofp\libnosys.a
END GROUP
LOAD c:/st/stm32cubeide_1.1.0/stm32cubeide/plugins/com.st.stm32cube.ide.mcu.externaltools.gnu-tools-for-stm32.9-2020-q2-update.win32_2.0.0.202105311346/tools/bin/../lib/gcc/arm-none-eabi/9.3.1/thumb/v6-m/nofp/crtend.o
LOAD c:/st/stm32cubeide_1.1.0/stm32cubeide/plugins/com.st.stm32cube.ide.mcu.externaltools.gnu-tools-for-stm32.9-2020-q2-update.win32_2.0.0.202105311346/tools/bin/../lib/gcc/arm-none-eabi/9.3.1/thumb/v6-m/nofp/crtn.o
                0x0000000020001800                _estack = (ORIGIN (RAM) + LENGTH (RAM))
                0x0000000000000200                _Min_Heap_Size = 0x200
                0x0000000000000400                _Min_Stack_Size = 0x400

.isr_vector     0x0000000008000000       0xc0
                0x0000000008000000                . = ALIGN (0x4)
 *(.isr_vector)
 .isr_vector    0x0000000008000000       0xc0 ./Core/Startup/startup_stm32f042k6ux.o
                0x0000000008000000                g_pfnVectors
                0x00000000080000c0                . = ALIGN (0x4)

.text           0x00000000080000c0     0x44d8
                0x00000000080000c0                . = ALIGN (0x4)
 *(.text)
 .text          0x00000000080000c0       0x48 c:/st/stm32cubeide_1.1.0/stm32cubeide/plugins/com.st.stm32cube.ide.mcu.externaltools.gnu-tools-for-stm32.9-2020-q2-update.win32_2.0.0.202105311346/tools/bin/../lib/gcc/arm-none-eabi/9.3.1/thumb/v6-m/nofp/crtbegin.o
 .text          0x0000000008000108      0x114 c:/st/stm32cubeide_1.1.0/stm32cubeide/plugins/com.st.stm32cube.ide.mcu.externaltools.gnu-tools-for-stm32.9-2020-q2-update.win32_2.0.0.202105311346/tools/bin/../lib/gcc/arm-none-eabi/9.3.1/thumb/v6-m/nofp\libgcc.a(_udivsi3.o)
                0x0000000008000108                __aeabi_uidiv
                0x0000000008000108                __udivsi3
                0x0000000008000214                __aeabi_uidivmod
 .text          0x000000000800021c      0x1d4 c:/st/stm32cubeide_1.1.0/stm32cubeide/plugins/com.st.stm32cube.ide.mcu.externaltools.gnu-tools-for-stm32.9-2020-q2-update.win32_2.0.0.202105311346/tools/bin/../lib/gcc/arm-none-eabi/9.3.1/thumb/v6-m/nofp\libgcc.a(_divsi3.o)
                0x000000000800021c                __divsi3
                0x000000000800021c                __aeabi_idiv
                0x00000000080003e8                __aeabi_idivmod
 .text          0x00000000080003f0        0x4 c:/st/stm32cubeide_1.1.0/stm32cubeide/plugins/com.st.stm32cube.ide.mcu.externaltools.gnu-tools-for-stm32.9-2020-q2-update.win32_2.0.0.202105311346/tools/bin/../lib/gcc/arm-none-eabi/9.3.1/thumb/v6-m/nofp\libgcc.a(_dvmd_tls.o)
                0x00000000080003f0                __aeabi_idiv0
                0x00000000080003f0                __aeabi_ldiv0
 *(.text*)
 .text.AS5600_mem_read
                0x00000000080003f4       0x88 ./Core/Src/AS5600.o
                0x00000000080003f4                AS5600_mem_read
 .text.dSW_state
                0x000000000800047c       0xb4 ./Core/Src/dSW.o
                0x000000000800047c                dSW_state
 .text.LEDpwm_Init
                0x0000000008000530       0x30 ./Core/Src/led.o
                0x0000000008000530                LEDpwm_Init
 .text.LED_pwm  0x0000000008000560       0x6c ./Core/Src/led.o
                0x0000000008000560                LED_pwm
 .text.User_Init
                0x00000000080005cc       0xb8 ./Core/Src/main.o
                0x00000000080005cc                User_Init
 .text.main     0x0000000008000684      0x11c ./Core/Src/main.o
                0x0000000008000684                main
 .text.SystemClock_Config
                0x00000000080007a0       0xda ./Core/Src/main.o
                0x00000000080007a0                SystemClock_Config
 *fill*         0x000000000800087a        0x2 
 .text.MX_ADC_Init
                0x000000000800087c       0xb4 ./Core/Src/main.o
 .text.MX_I2C1_Init
                0x0000000008000930       0x80 ./Core/Src/main.o
 .text.MX_TIM1_Init
                0x00000000080009b0      0x198 ./Core/Src/main.o
 .text.MX_TIM14_Init
                0x0000000008000b48       0x48 ./Core/Src/main.o
 .text.MX_TIM16_Init
                0x0000000008000b90      0x10c ./Core/Src/main.o
 .text.MX_DMA_Init
                0x0000000008000c9c       0x3c ./Core/Src/main.o
 .text.MX_GPIO_Init
                0x0000000008000cd8      0x120 ./Core/Src/main.o
 .text.Error_Handler
                0x0000000008000df8        0xa ./Core/Src/main.o
                0x0000000008000df8                Error_Handler
 *fill*         0x0000000008000e02        0x2 
 .text.HAL_MspInit
                0x0000000008000e04       0x48 ./Core/Src/stm32f0xx_hal_msp.o
                0x0000000008000e04                HAL_MspInit
 .text.HAL_ADC_MspInit
                0x0000000008000e4c       0xe8 ./Core/Src/stm32f0xx_hal_msp.o
                0x0000000008000e4c                HAL_ADC_MspInit
 .text.HAL_I2C_MspInit
                0x0000000008000f34       0x9c ./Core/Src/stm32f0xx_hal_msp.o
                0x0000000008000f34                HAL_I2C_MspInit
 .text.HAL_TIM_Base_MspInit
                0x0000000008000fd0       0xb8 ./Core/Src/stm32f0xx_hal_msp.o
                0x0000000008000fd0                HAL_TIM_Base_MspInit
 .text.HAL_TIM_MspPostInit
                0x0000000008001088       0xdc ./Core/Src/stm32f0xx_hal_msp.o
                0x0000000008001088                HAL_TIM_MspPostInit
 .text.NMI_Handler
                0x0000000008001164        0xe ./Core/Src/stm32f0xx_it.o
                0x0000000008001164                NMI_Handler
 .text.HardFault_Handler
                0x0000000008001172        0x6 ./Core/Src/stm32f0xx_it.o
                0x0000000008001172                HardFault_Handler
 .text.SVC_Handler
                0x0000000008001178        0xa ./Core/Src/stm32f0xx_it.o
                0x0000000008001178                SVC_Handler
 .text.PendSV_Handler
                0x0000000008001182        0xa ./Core/Src/stm32f0xx_it.o
                0x0000000008001182                PendSV_Handler
 .text.SysTick_Handler
                0x000000000800118c        0xe ./Core/Src/stm32f0xx_it.o
                0x000000000800118c                SysTick_Handler
 *fill*         0x000000000800119a        0x2 
 .text.DMA1_Channel1_IRQHandler
                0x000000000800119c       0x18 ./Core/Src/stm32f0xx_it.o
                0x000000000800119c                DMA1_Channel1_IRQHandler
 .text.TIM1_BRK_UP_TRG_COM_IRQHandler
                0x00000000080011b4       0x18 ./Core/Src/stm32f0xx_it.o
                0x00000000080011b4                TIM1_BRK_UP_TRG_COM_IRQHandler
 .text.TIM14_IRQHandler
                0x00000000080011cc       0x34 ./Core/Src/stm32f0xx_it.o
                0x00000000080011cc                TIM14_IRQHandler
 .text.SystemInit
                0x0000000008001200        0xa ./Core/Src/system_stm32f0xx.o
                0x0000000008001200                SystemInit
 *fill*         0x000000000800120a        0x2 
 .text.Reset_Handler
                0x000000000800120c       0x80 ./Core/Startup/startup_stm32f042k6ux.o
                0x000000000800120c                Reset_Handler
 .text.Default_Handler
                0x000000000800128c        0x2 ./Core/Startup/startup_stm32f042k6ux.o
                0x000000000800128c                TIM1_CC_IRQHandler
                0x000000000800128c                TSC_IRQHandler
                0x000000000800128c                I2C1_IRQHandler
                0x000000000800128c                RCC_CRS_IRQHandler
                0x000000000800128c                SPI1_IRQHandler
                0x000000000800128c                EXTI2_3_IRQHandler
                0x000000000800128c                ADC1_IRQHandler
                0x000000000800128c                TIM17_IRQHandler
                0x000000000800128c                CEC_CAN_IRQHandler
                0x000000000800128c                RTC_IRQHandler
                0x000000000800128c                PVD_VDDIO2_IRQHandler
                0x000000000800128c                TIM16_IRQHandler
                0x000000000800128c                TIM3_IRQHandler
                0x000000000800128c                EXTI4_15_IRQHandler
                0x000000000800128c                Default_Handler
                0x000000000800128c                DMA1_Channel4_5_IRQHandler
                0x000000000800128c                EXTI0_1_IRQHandler
                0x000000000800128c                USB_IRQHandler
                0x000000000800128c                SPI2_IRQHandler
                0x000000000800128c                WWDG_IRQHandler
                0x000000000800128c                TIM2_IRQHandler
                0x000000000800128c                DMA1_Channel2_3_IRQHandler
                0x000000000800128c                USART2_IRQHandler
                0x000000000800128c                FLASH_IRQHandler
                0x000000000800128c                USART1_IRQHandler
 *fill*         0x000000000800128e        0x2 
 .text.HAL_Init
                0x0000000008001290       0x28 ./Drivers/STM32F0xx_HAL_Driver/Src/stm32f0xx_hal.o
                0x0000000008001290                HAL_Init
 .text.HAL_InitTick
                0x00000000080012b8       0x68 ./Drivers/STM32F0xx_HAL_Driver/Src/stm32f0xx_hal.o
                0x00000000080012b8                HAL_InitTick
 .text.HAL_IncTick
                0x0000000008001320       0x24 ./Drivers/STM32F0xx_HAL_Driver/Src/stm32f0xx_hal.o
                0x0000000008001320                HAL_IncTick
 .text.HAL_GetTick
                0x0000000008001344       0x14 ./Drivers/STM32F0xx_HAL_Driver/Src/stm32f0xx_hal.o
                0x0000000008001344                HAL_GetTick
 .text.HAL_Delay
                0x0000000008001358       0x48 ./Drivers/STM32F0xx_HAL_Driver/Src/stm32f0xx_hal.o
                0x0000000008001358                HAL_Delay
 .text.HAL_ADC_Init
                0x00000000080013a0      0x280 ./Drivers/STM32F0xx_HAL_Driver/Src/stm32f0xx_hal_adc.o
                0x00000000080013a0                HAL_ADC_Init
 .text.HAL_ADC_ConfigChannel
                0x0000000008001620      0x21c ./Drivers/STM32F0xx_HAL_Driver/Src/stm32f0xx_hal_adc.o
                0x0000000008001620                HAL_ADC_ConfigChannel
 .text.__NVIC_EnableIRQ
                0x000000000800183c       0x34 ./Drivers/STM32F0xx_HAL_Driver/Src/stm32f0xx_hal_cortex.o
 .text.__NVIC_SetPriority
                0x0000000008001870       0xdc ./Drivers/STM32F0xx_HAL_Driver/Src/stm32f0xx_hal_cortex.o
 .text.SysTick_Config
                0x000000000800194c       0x48 ./Drivers/STM32F0xx_HAL_Driver/Src/stm32f0xx_hal_cortex.o
 .text.HAL_NVIC_SetPriority
                0x0000000008001994       0x2a ./Drivers/STM32F0xx_HAL_Driver/Src/stm32f0xx_hal_cortex.o
                0x0000000008001994                HAL_NVIC_SetPriority
 .text.HAL_NVIC_EnableIRQ
                0x00000000080019be       0x20 ./Drivers/STM32F0xx_HAL_Driver/Src/stm32f0xx_hal_cortex.o
                0x00000000080019be                HAL_NVIC_EnableIRQ
 .text.HAL_SYSTICK_Config
                0x00000000080019de       0x1a ./Drivers/STM32F0xx_HAL_Driver/Src/stm32f0xx_hal_cortex.o
                0x00000000080019de                HAL_SYSTICK_Config
 .text.HAL_DMA_Init
                0x00000000080019f8       0x90 ./Drivers/STM32F0xx_HAL_Driver/Src/stm32f0xx_hal_dma.o
                0x00000000080019f8                HAL_DMA_Init
 .text.HAL_DMA_IRQHandler
                0x0000000008001a88      0x144 ./Drivers/STM32F0xx_HAL_Driver/Src/stm32f0xx_hal_dma.o
                0x0000000008001a88                HAL_DMA_IRQHandler
 .text.DMA_CalcBaseAndBitshift
                0x0000000008001bcc       0x38 ./Drivers/STM32F0xx_HAL_Driver/Src/stm32f0xx_hal_dma.o
 .text.HAL_GPIO_Init
                0x0000000008001c04      0x2d0 ./Drivers/STM32F0xx_HAL_Driver/Src/stm32f0xx_hal_gpio.o
                0x0000000008001c04                HAL_GPIO_Init
 .text.HAL_GPIO_ReadPin
                0x0000000008001ed4       0x3a ./Drivers/STM32F0xx_HAL_Driver/Src/stm32f0xx_hal_gpio.o
                0x0000000008001ed4                HAL_GPIO_ReadPin
 .text.HAL_GPIO_WritePin
                0x0000000008001f0e       0x3a ./Drivers/STM32F0xx_HAL_Driver/Src/stm32f0xx_hal_gpio.o
                0x0000000008001f0e                HAL_GPIO_WritePin
 .text.HAL_I2C_Init
                0x0000000008001f48      0x12c ./Drivers/STM32F0xx_HAL_Driver/Src/stm32f0xx_hal_i2c.o
                0x0000000008001f48                HAL_I2C_Init
 .text.HAL_I2C_Mem_Read
                0x0000000008002074      0x268 ./Drivers/STM32F0xx_HAL_Driver/Src/stm32f0xx_hal_i2c.o
                0x0000000008002074                HAL_I2C_Mem_Read
 .text.HAL_I2C_GetError
                0x00000000080022dc       0x14 ./Drivers/STM32F0xx_HAL_Driver/Src/stm32f0xx_hal_i2c.o
                0x00000000080022dc                HAL_I2C_GetError
 .text.I2C_RequestMemoryRead
                0x00000000080022f0       0xc4 ./Drivers/STM32F0xx_HAL_Driver/Src/stm32f0xx_hal_i2c.o
 .text.I2C_Flush_TXDR
                0x00000000080023b4       0x44 ./Drivers/STM32F0xx_HAL_Driver/Src/stm32f0xx_hal_i2c.o
 .text.I2C_WaitOnFlagUntilTimeout
                0x00000000080023f8       0x7e ./Drivers/STM32F0xx_HAL_Driver/Src/stm32f0xx_hal_i2c.o
 .text.I2C_WaitOnTXISFlagUntilTimeout
                0x0000000008002476       0x7e ./Drivers/STM32F0xx_HAL_Driver/Src/stm32f0xx_hal_i2c.o
 .text.I2C_WaitOnSTOPFlagUntilTimeout
                0x00000000080024f4       0x78 ./Drivers/STM32F0xx_HAL_Driver/Src/stm32f0xx_hal_i2c.o
 .text.I2C_IsAcknowledgeFailed
                0x000000000800256c       0xf4 ./Drivers/STM32F0xx_HAL_Driver/Src/stm32f0xx_hal_i2c.o
 .text.I2C_TransferConfig
                0x0000000008002660       0x6c ./Drivers/STM32F0xx_HAL_Driver/Src/stm32f0xx_hal_i2c.o
 .text.HAL_I2CEx_ConfigAnalogFilter
                0x00000000080026cc       0x98 ./Drivers/STM32F0xx_HAL_Driver/Src/stm32f0xx_hal_i2c_ex.o
                0x00000000080026cc                HAL_I2CEx_ConfigAnalogFilter
 .text.HAL_I2CEx_ConfigDigitalFilter
                0x0000000008002764       0x98 ./Drivers/STM32F0xx_HAL_Driver/Src/stm32f0xx_hal_i2c_ex.o
                0x0000000008002764                HAL_I2CEx_ConfigDigitalFilter
 .text.HAL_RCC_OscConfig
                0x00000000080027fc      0x70c ./Drivers/STM32F0xx_HAL_Driver/Src/stm32f0xx_hal_rcc.o
                0x00000000080027fc                HAL_RCC_OscConfig
 .text.HAL_RCC_ClockConfig
                0x0000000008002f08      0x1b4 ./Drivers/STM32F0xx_HAL_Driver/Src/stm32f0xx_hal_rcc.o
                0x0000000008002f08                HAL_RCC_ClockConfig
 .text.HAL_RCC_EnableCSS
                0x00000000080030bc       0x1c ./Drivers/STM32F0xx_HAL_Driver/Src/stm32f0xx_hal_rcc.o
                0x00000000080030bc                HAL_RCC_EnableCSS
 .text.HAL_RCC_GetSysClockFreq
                0x00000000080030d8      0x100 ./Drivers/STM32F0xx_HAL_Driver/Src/stm32f0xx_hal_rcc.o
                0x00000000080030d8                HAL_RCC_GetSysClockFreq
 .text.HAL_RCC_NMI_IRQHandler
                0x00000000080031d8       0x28 ./Drivers/STM32F0xx_HAL_Driver/Src/stm32f0xx_hal_rcc.o
                0x00000000080031d8                HAL_RCC_NMI_IRQHandler
 .text.HAL_RCC_CSSCallback
                0x0000000008003200        0xa ./Drivers/STM32F0xx_HAL_Driver/Src/stm32f0xx_hal_rcc.o
                0x0000000008003200                HAL_RCC_CSSCallback
 *fill*         0x000000000800320a        0x2 
 .text.HAL_RCCEx_PeriphCLKConfig
                0x000000000800320c      0x1dc ./Drivers/STM32F0xx_HAL_Driver/Src/stm32f0xx_hal_rcc_ex.o
                0x000000000800320c                HAL_RCCEx_PeriphCLKConfig
 .text.HAL_TIM_Base_Init
                0x00000000080033e8       0xa0 ./Drivers/STM32F0xx_HAL_Driver/Src/stm32f0xx_hal_tim.o
                0x00000000080033e8                HAL_TIM_Base_Init
 .text.HAL_TIM_Base_Start
                0x0000000008003488       0x88 ./Drivers/STM32F0xx_HAL_Driver/Src/stm32f0xx_hal_tim.o
                0x0000000008003488                HAL_TIM_Base_Start
 .text.HAL_TIM_Base_Start_IT
                0x0000000008003510       0x98 ./Drivers/STM32F0xx_HAL_Driver/Src/stm32f0xx_hal_tim.o
                0x0000000008003510                HAL_TIM_Base_Start_IT
 .text.HAL_TIM_PWM_Init
                0x00000000080035a8       0xa0 ./Drivers/STM32F0xx_HAL_Driver/Src/stm32f0xx_hal_tim.o
                0x00000000080035a8                HAL_TIM_PWM_Init
 .text.HAL_TIM_PWM_MspInit
                0x0000000008003648       0x10 ./Drivers/STM32F0xx_HAL_Driver/Src/stm32f0xx_hal_tim.o
                0x0000000008003648                HAL_TIM_PWM_MspInit
 .text.HAL_TIM_PWM_Start
                0x0000000008003658      0x158 ./Drivers/STM32F0xx_HAL_Driver/Src/stm32f0xx_hal_tim.o
                0x0000000008003658                HAL_TIM_PWM_Start
 .text.HAL_TIM_IRQHandler
                0x00000000080037b0      0x22c ./Drivers/STM32F0xx_HAL_Driver/Src/stm32f0xx_hal_tim.o
                0x00000000080037b0                HAL_TIM_IRQHandler
 .text.HAL_TIM_PWM_ConfigChannel
                0x00000000080039dc      0x18c ./Drivers/STM32F0xx_HAL_Driver/Src/stm32f0xx_hal_tim.o
                0x00000000080039dc                HAL_TIM_PWM_ConfigChannel
 .text.HAL_TIM_ConfigClockSource
                0x0000000008003b68      0x1a8 ./Drivers/STM32F0xx_HAL_Driver/Src/stm32f0xx_hal_tim.o
                0x0000000008003b68                HAL_TIM_ConfigClockSource
 .text.HAL_TIM_PeriodElapsedCallback
                0x0000000008003d10       0x10 ./Drivers/STM32F0xx_HAL_Driver/Src/stm32f0xx_hal_tim.o
                0x0000000008003d10                HAL_TIM_PeriodElapsedCallback
 .text.HAL_TIM_OC_DelayElapsedCallback
                0x0000000008003d20       0x10 ./Drivers/STM32F0xx_HAL_Driver/Src/stm32f0xx_hal_tim.o
                0x0000000008003d20                HAL_TIM_OC_DelayElapsedCallback
 .text.HAL_TIM_IC_CaptureCallback
                0x0000000008003d30       0x10 ./Drivers/STM32F0xx_HAL_Driver/Src/stm32f0xx_hal_tim.o
                0x0000000008003d30                HAL_TIM_IC_CaptureCallback
 .text.HAL_TIM_PWM_PulseFinishedCallback
                0x0000000008003d40       0x10 ./Drivers/STM32F0xx_HAL_Driver/Src/stm32f0xx_hal_tim.o
                0x0000000008003d40                HAL_TIM_PWM_PulseFinishedCallback
 .text.HAL_TIM_TriggerCallback
                0x0000000008003d50       0x10 ./Drivers/STM32F0xx_HAL_Driver/Src/stm32f0xx_hal_tim.o
                0x0000000008003d50                HAL_TIM_TriggerCallback
 .text.TIM_Base_SetConfig
                0x0000000008003d60       0xec ./Drivers/STM32F0xx_HAL_Driver/Src/stm32f0xx_hal_tim.o
                0x0000000008003d60                TIM_Base_SetConfig
 .text.TIM_OC1_SetConfig
                0x0000000008003e4c       0xfc ./Drivers/STM32F0xx_HAL_Driver/Src/stm32f0xx_hal_tim.o
 .text.TIM_OC2_SetConfig
                0x0000000008003f48       0xfc ./Drivers/STM32F0xx_HAL_Driver/Src/stm32f0xx_hal_tim.o
                0x0000000008003f48                TIM_OC2_SetConfig
 .text.TIM_OC3_SetConfig
                0x0000000008004044      0x100 ./Drivers/STM32F0xx_HAL_Driver/Src/stm32f0xx_hal_tim.o
 .text.TIM_OC4_SetConfig
                0x0000000008004144       0xc8 ./Drivers/STM32F0xx_HAL_Driver/Src/stm32f0xx_hal_tim.o
 .text.TIM_TI1_ConfigInputStage
                0x000000000800420c       0x5c ./Drivers/STM32F0xx_HAL_Driver/Src/stm32f0xx_hal_tim.o
 .text.TIM_TI2_ConfigInputStage
                0x0000000008004268       0x64 ./Drivers/STM32F0xx_HAL_Driver/Src/stm32f0xx_hal_tim.o
 .text.TIM_ITRx_SetConfig
                0x00000000080042cc       0x32 ./Drivers/STM32F0xx_HAL_Driver/Src/stm32f0xx_hal_tim.o
 *fill*         0x00000000080042fe        0x2 
 .text.TIM_ETR_SetConfig
                0x0000000008004300       0x40 ./Drivers/STM32F0xx_HAL_Driver/Src/stm32f0xx_hal_tim.o
                0x0000000008004300                TIM_ETR_SetConfig
 .text.TIM_CCxChannelCmd
                0x0000000008004340       0x46 ./Drivers/STM32F0xx_HAL_Driver/Src/stm32f0xx_hal_tim.o
                0x0000000008004340                TIM_CCxChannelCmd
 *fill*         0x0000000008004386        0x2 
 .text.HAL_TIMEx_MasterConfigSynchronization
                0x0000000008004388       0xb0 ./Drivers/STM32F0xx_HAL_Driver/Src/stm32f0xx_hal_tim_ex.o
                0x0000000008004388                HAL_TIMEx_MasterConfigSynchronization
 .text.HAL_TIMEx_ConfigBreakDeadTime
                0x0000000008004438       0xbc ./Drivers/STM32F0xx_HAL_Driver/Src/stm32f0xx_hal_tim_ex.o
                0x0000000008004438                HAL_TIMEx_ConfigBreakDeadTime
 .text.HAL_TIMEx_CommutCallback
                0x00000000080044f4       0x10 ./Drivers/STM32F0xx_HAL_Driver/Src/stm32f0xx_hal_tim_ex.o
                0x00000000080044f4                HAL_TIMEx_CommutCallback
 .text.HAL_TIMEx_BreakCallback
                0x0000000008004504       0x10 ./Drivers/STM32F0xx_HAL_Driver/Src/stm32f0xx_hal_tim_ex.o
                0x0000000008004504                HAL_TIMEx_BreakCallback
 .text.__libc_init_array
                0x0000000008004514       0x48 c:/st/stm32cubeide_1.1.0/stm32cubeide/plugins/com.st.stm32cube.ide.mcu.externaltools.gnu-tools-for-stm32.9-2020-q2-update.win32_2.0.0.202105311346/tools/bin/../lib/gcc/arm-none-eabi/9.3.1/../../../../arm-none-eabi/lib/thumb/v6-m/nofp\libc_nano.a(lib_a-init.o)
                0x0000000008004514                __libc_init_array
 .text.memcpy   0x000000000800455c       0x12 c:/st/stm32cubeide_1.1.0/stm32cubeide/plugins/com.st.stm32cube.ide.mcu.externaltools.gnu-tools-for-stm32.9-2020-q2-update.win32_2.0.0.202105311346/tools/bin/../lib/gcc/arm-none-eabi/9.3.1/../../../../arm-none-eabi/lib/thumb/v6-m/nofp\libc_nano.a(lib_a-memcpy-stub.o)
                0x000000000800455c                memcpy
 .text.memset   0x000000000800456e       0x10 c:/st/stm32cubeide_1.1.0/stm32cubeide/plugins/com.st.stm32cube.ide.mcu.externaltools.gnu-tools-for-stm32.9-2020-q2-update.win32_2.0.0.202105311346/tools/bin/../lib/gcc/arm-none-eabi/9.3.1/../../../../arm-none-eabi/lib/thumb/v6-m/nofp\libc_nano.a(lib_a-memset.o)
                0x000000000800456e                memset
 *(.glue_7)
 .glue_7        0x000000000800457e        0x0 linker stubs
 *(.glue_7t)
 .glue_7t       0x000000000800457e        0x0 linker stubs
 *(.eh_frame)
 *fill*         0x000000000800457e        0x2 
 .eh_frame      0x0000000008004580        0x0 c:/st/stm32cubeide_1.1.0/stm32cubeide/plugins/com.st.stm32cube.ide.mcu.externaltools.gnu-tools-for-stm32.9-2020-q2-update.win32_2.0.0.202105311346/tools/bin/../lib/gcc/arm-none-eabi/9.3.1/thumb/v6-m/nofp/crtbegin.o
 *(.init)
 .init          0x0000000008004580        0x4 c:/st/stm32cubeide_1.1.0/stm32cubeide/plugins/com.st.stm32cube.ide.mcu.externaltools.gnu-tools-for-stm32.9-2020-q2-update.win32_2.0.0.202105311346/tools/bin/../lib/gcc/arm-none-eabi/9.3.1/thumb/v6-m/nofp/crti.o
                0x0000000008004580                _init
 .init          0x0000000008004584        0x8 c:/st/stm32cubeide_1.1.0/stm32cubeide/plugins/com.st.stm32cube.ide.mcu.externaltools.gnu-tools-for-stm32.9-2020-q2-update.win32_2.0.0.202105311346/tools/bin/../lib/gcc/arm-none-eabi/9.3.1/thumb/v6-m/nofp/crtn.o
 *(.fini)
 .fini          0x000000000800458c        0x4 c:/st/stm32cubeide_1.1.0/stm32cubeide/plugins/com.st.stm32cube.ide.mcu.externaltools.gnu-tools-for-stm32.9-2020-q2-update.win32_2.0.0.202105311346/tools/bin/../lib/gcc/arm-none-eabi/9.3.1/thumb/v6-m/nofp/crti.o
                0x000000000800458c                _fini
 .fini          0x0000000008004590        0x8 c:/st/stm32cubeide_1.1.0/stm32cubeide/plugins/com.st.stm32cube.ide.mcu.externaltools.gnu-tools-for-stm32.9-2020-q2-update.win32_2.0.0.202105311346/tools/bin/../lib/gcc/arm-none-eabi/9.3.1/thumb/v6-m/nofp/crtn.o
                0x0000000008004598                . = ALIGN (0x4)
                0x0000000008004598                _etext = .

.vfp11_veneer   0x0000000008004598        0x0
 .vfp11_veneer  0x0000000008004598        0x0 linker stubs

.v4_bx          0x0000000008004598        0x0
 .v4_bx         0x0000000008004598        0x0 linker stubs

.iplt           0x0000000008004598        0x0
 .iplt          0x0000000008004598        0x0 c:/st/stm32cubeide_1.1.0/stm32cubeide/plugins/com.st.stm32cube.ide.mcu.externaltools.gnu-tools-for-stm32.9-2020-q2-update.win32_2.0.0.202105311346/tools/bin/../lib/gcc/arm-none-eabi/9.3.1/thumb/v6-m/nofp/crtbegin.o

.rodata         0x0000000008004598       0x30
                0x0000000008004598                . = ALIGN (0x4)
 *(.rodata)
 .rodata        0x0000000008004598       0x20 ./Drivers/STM32F0xx_HAL_Driver/Src/stm32f0xx_hal_rcc.o
 *(.rodata*)
 .rodata.AHBPrescTable
                0x00000000080045b8       0x10 ./Core/Src/system_stm32f0xx.o
                0x00000000080045b8                AHBPrescTable
                0x00000000080045c8                . = ALIGN (0x4)

.rel.dyn        0x00000000080045c8        0x0
 .rel.iplt      0x00000000080045c8        0x0 c:/st/stm32cubeide_1.1.0/stm32cubeide/plugins/com.st.stm32cube.ide.mcu.externaltools.gnu-tools-for-stm32.9-2020-q2-update.win32_2.0.0.202105311346/tools/bin/../lib/gcc/arm-none-eabi/9.3.1/thumb/v6-m/nofp/crtbegin.o

.ARM.extab      0x00000000080045c8        0x0
                0x00000000080045c8                . = ALIGN (0x4)
 *(.ARM.extab* .gnu.linkonce.armextab.*)
                0x00000000080045c8                . = ALIGN (0x4)

.ARM            0x00000000080045c8        0x0
                0x00000000080045c8                . = ALIGN (0x4)
                0x00000000080045c8                __exidx_start = .
 *(.ARM.exidx*)
                0x00000000080045c8                __exidx_end = .
                0x00000000080045c8                . = ALIGN (0x4)

.preinit_array  0x00000000080045c8        0x0
                0x00000000080045c8                . = ALIGN (0x4)
                0x00000000080045c8                PROVIDE (__preinit_array_start = .)
 *(.preinit_array*)
                0x00000000080045c8                PROVIDE (__preinit_array_end = .)
                0x00000000080045c8                . = ALIGN (0x4)

.init_array     0x00000000080045c8        0x4
                0x00000000080045c8                . = ALIGN (0x4)
                0x00000000080045c8                PROVIDE (__init_array_start = .)
 *(SORT_BY_NAME(.init_array.*))
 *(.init_array*)
 .init_array    0x00000000080045c8        0x4 c:/st/stm32cubeide_1.1.0/stm32cubeide/plugins/com.st.stm32cube.ide.mcu.externaltools.gnu-tools-for-stm32.9-2020-q2-update.win32_2.0.0.202105311346/tools/bin/../lib/gcc/arm-none-eabi/9.3.1/thumb/v6-m/nofp/crtbegin.o
                0x00000000080045cc                PROVIDE (__init_array_end = .)
                0x00000000080045cc                . = ALIGN (0x4)

.fini_array     0x00000000080045cc        0x4
                0x00000000080045cc                . = ALIGN (0x4)
                [!provide]                        PROVIDE (__fini_array_start = .)
 *(SORT_BY_NAME(.fini_array.*))
 *(.fini_array*)
 .fini_array    0x00000000080045cc        0x4 c:/st/stm32cubeide_1.1.0/stm32cubeide/plugins/com.st.stm32cube.ide.mcu.externaltools.gnu-tools-for-stm32.9-2020-q2-update.win32_2.0.0.202105311346/tools/bin/../lib/gcc/arm-none-eabi/9.3.1/thumb/v6-m/nofp/crtbegin.o
                [!provide]                        PROVIDE (__fini_array_end = .)
                0x00000000080045d0                . = ALIGN (0x4)
                0x00000000080045d0                _sidata = LOADADDR (.data)

.data           0x0000000020000000       0x10 load address 0x00000000080045d0
                0x0000000020000000                . = ALIGN (0x4)
                0x0000000020000000                _sdata = .
 *(.data)
 *(.data*)
 .data.g_st_period
                0x0000000020000000        0x4 ./Core/Src/led.o
 .data.SystemCoreClock
                0x0000000020000004        0x4 ./Core/Src/system_stm32f0xx.o
                0x0000000020000004                SystemCoreClock
 .data.uwTickPrio
                0x0000000020000008        0x4 ./Drivers/STM32F0xx_HAL_Driver/Src/stm32f0xx_hal.o
                0x0000000020000008                uwTickPrio
 .data.uwTickFreq
                0x000000002000000c        0x1 ./Drivers/STM32F0xx_HAL_Driver/Src/stm32f0xx_hal.o
                0x000000002000000c                uwTickFreq
                0x0000000020000010                . = ALIGN (0x4)
 *fill*         0x000000002000000d        0x3 
                0x0000000020000010                _edata = .

.igot.plt       0x0000000020000010        0x0 load address 0x00000000080045e0
 .igot.plt      0x0000000020000010        0x0 c:/st/stm32cubeide_1.1.0/stm32cubeide/plugins/com.st.stm32cube.ide.mcu.externaltools.gnu-tools-for-stm32.9-2020-q2-update.win32_2.0.0.202105311346/tools/bin/../lib/gcc/arm-none-eabi/9.3.1/thumb/v6-m/nofp/crtbegin.o
                0x0000000020000010                . = ALIGN (0x4)

.bss            0x0000000020000010      0x1f4 load address 0x00000000080045e0
                0x0000000020000010                _sbss = .
                0x0000000020000010                __bss_start__ = _sbss
 *(.bss)
 .bss           0x0000000020000010       0x1c c:/st/stm32cubeide_1.1.0/stm32cubeide/plugins/com.st.stm32cube.ide.mcu.externaltools.gnu-tools-for-stm32.9-2020-q2-update.win32_2.0.0.202105311346/tools/bin/../lib/gcc/arm-none-eabi/9.3.1/thumb/v6-m/nofp/crtbegin.o
 *(.bss*)
 .bss.g_tim14_cnt
                0x000000002000002c        0x2 ./Core/Src/main.o
                0x000000002000002c                g_tim14_cnt
 *fill*         0x000000002000002e        0x2 
 .bss.g_posi_arr
                0x0000000020000030        0x4 ./Core/Src/main.o
                0x0000000020000030                g_posi_arr
 .bss.g_value   0x0000000020000034       0x18 ./Core/Src/main.o
                0x0000000020000034                g_value
 .bss.g_pi_val  0x000000002000004c        0xa ./Core/Src/main.o
                0x000000002000004c                g_pi_val
 .bss.g_dSW_cnt
                0x0000000020000056        0x2 ./Core/Src/main.o
                0x0000000020000056                g_dSW_cnt
 *(COMMON)
 COMMON         0x0000000020000058      0x1a8 ./Core/Src/main.o
                0x0000000020000058                hi2c1
                0x00000000200000a4                htim1
                0x00000000200000ec                htim14
                0x0000000020000134                hdma_adc
                0x0000000020000178                hadc
                0x00000000200001b8                htim16
 COMMON         0x0000000020000200        0x4 ./Drivers/STM32F0xx_HAL_Driver/Src/stm32f0xx_hal.o
                0x0000000020000200                uwTick
                0x0000000020000204                . = ALIGN (0x4)
                0x0000000020000204                _ebss = .
                0x0000000020000204                __bss_end__ = _ebss

._user_heap_stack
                0x0000000020000204      0x604 load address 0x00000000080045e0
                0x0000000020000208                . = ALIGN (0x8)
 *fill*         0x0000000020000204        0x4 
                0x0000000020000208                PROVIDE (end = .)
                [!provide]                        PROVIDE (_end = .)
                0x0000000020000408                . = (. + _Min_Heap_Size)
 *fill*         0x0000000020000208      0x200 
                0x0000000020000808                . = (. + _Min_Stack_Size)
 *fill*         0x0000000020000408      0x400 
                0x0000000020000808                . = ALIGN (0x8)

/DISCARD/
 libc.a(*)
 libm.a(*)
 libgcc.a(*)

.ARM.attributes
                0x0000000000000000       0x28
 *(.ARM.attributes)
 .ARM.attributes
                0x0000000000000000       0x1e c:/st/stm32cubeide_1.1.0/stm32cubeide/plugins/com.st.stm32cube.ide.mcu.externaltools.gnu-tools-for-stm32.9-2020-q2-update.win32_2.0.0.202105311346/tools/bin/../lib/gcc/arm-none-eabi/9.3.1/thumb/v6-m/nofp/crti.o
 .ARM.attributes
                0x000000000000001e       0x2c c:/st/stm32cubeide_1.1.0/stm32cubeide/plugins/com.st.stm32cube.ide.mcu.externaltools.gnu-tools-for-stm32.9-2020-q2-update.win32_2.0.0.202105311346/tools/bin/../lib/gcc/arm-none-eabi/9.3.1/thumb/v6-m/nofp/crtbegin.o
 .ARM.attributes
                0x000000000000004a       0x2c ./Core/Src/AS5600.o
 .ARM.attributes
                0x0000000000000076       0x2c ./Core/Src/dSW.o
 .ARM.attributes
                0x00000000000000a2       0x2c ./Core/Src/led.o
 .ARM.attributes
                0x00000000000000ce       0x2c ./Core/Src/main.o
 .ARM.attributes
                0x00000000000000fa       0x2c ./Core/Src/stm32f0xx_hal_msp.o
 .ARM.attributes
                0x0000000000000126       0x2c ./Core/Src/stm32f0xx_it.o
 .ARM.attributes
                0x0000000000000152       0x2c ./Core/Src/system_stm32f0xx.o
 .ARM.attributes
                0x000000000000017e       0x21 ./Core/Startup/startup_stm32f042k6ux.o
 .ARM.attributes
                0x000000000000019f       0x2c ./Drivers/STM32F0xx_HAL_Driver/Src/stm32f0xx_hal.o
 .ARM.attributes
                0x00000000000001cb       0x2c ./Drivers/STM32F0xx_HAL_Driver/Src/stm32f0xx_hal_adc.o
 .ARM.attributes
                0x00000000000001f7       0x2c ./Drivers/STM32F0xx_HAL_Driver/Src/stm32f0xx_hal_cortex.o
 .ARM.attributes
                0x0000000000000223       0x2c ./Drivers/STM32F0xx_HAL_Driver/Src/stm32f0xx_hal_dma.o
 .ARM.attributes
                0x000000000000024f       0x2c ./Drivers/STM32F0xx_HAL_Driver/Src/stm32f0xx_hal_gpio.o
 .ARM.attributes
                0x000000000000027b       0x2c ./Drivers/STM32F0xx_HAL_Driver/Src/stm32f0xx_hal_i2c.o
 .ARM.attributes
                0x00000000000002a7       0x2c ./Drivers/STM32F0xx_HAL_Driver/Src/stm32f0xx_hal_i2c_ex.o
 .ARM.attributes
                0x00000000000002d3       0x2c ./Drivers/STM32F0xx_HAL_Driver/Src/stm32f0xx_hal_rcc.o
 .ARM.attributes
                0x00000000000002ff       0x2c ./Drivers/STM32F0xx_HAL_Driver/Src/stm32f0xx_hal_rcc_ex.o
 .ARM.attributes
                0x000000000000032b       0x2c ./Drivers/STM32F0xx_HAL_Driver/Src/stm32f0xx_hal_tim.o
 .ARM.attributes
                0x0000000000000357       0x2c ./Drivers/STM32F0xx_HAL_Driver/Src/stm32f0xx_hal_tim_ex.o
 .ARM.attributes
                0x0000000000000383       0x2c c:/st/stm32cubeide_1.1.0/stm32cubeide/plugins/com.st.stm32cube.ide.mcu.externaltools.gnu-tools-for-stm32.9-2020-q2-update.win32_2.0.0.202105311346/tools/bin/../lib/gcc/arm-none-eabi/9.3.1/../../../../arm-none-eabi/lib/thumb/v6-m/nofp\libc_nano.a(lib_a-init.o)
 .ARM.attributes
                0x00000000000003af       0x2c c:/st/stm32cubeide_1.1.0/stm32cubeide/plugins/com.st.stm32cube.ide.mcu.externaltools.gnu-tools-for-stm32.9-2020-q2-update.win32_2.0.0.202105311346/tools/bin/../lib/gcc/arm-none-eabi/9.3.1/../../../../arm-none-eabi/lib/thumb/v6-m/nofp\libc_nano.a(lib_a-memcpy-stub.o)
 .ARM.attributes
                0x00000000000003db       0x2c c:/st/stm32cubeide_1.1.0/stm32cubeide/plugins/com.st.stm32cube.ide.mcu.externaltools.gnu-tools-for-stm32.9-2020-q2-update.win32_2.0.0.202105311346/tools/bin/../lib/gcc/arm-none-eabi/9.3.1/../../../../arm-none-eabi/lib/thumb/v6-m/nofp\libc_nano.a(lib_a-memset.o)
 .ARM.attributes
                0x0000000000000407       0x1e c:/st/stm32cubeide_1.1.0/stm32cubeide/plugins/com.st.stm32cube.ide.mcu.externaltools.gnu-tools-for-stm32.9-2020-q2-update.win32_2.0.0.202105311346/tools/bin/../lib/gcc/arm-none-eabi/9.3.1/thumb/v6-m/nofp\libgcc.a(_udivsi3.o)
 .ARM.attributes
                0x0000000000000425       0x1e c:/st/stm32cubeide_1.1.0/stm32cubeide/plugins/com.st.stm32cube.ide.mcu.externaltools.gnu-tools-for-stm32.9-2020-q2-update.win32_2.0.0.202105311346/tools/bin/../lib/gcc/arm-none-eabi/9.3.1/thumb/v6-m/nofp\libgcc.a(_divsi3.o)
 .ARM.attributes
                0x0000000000000443       0x1e c:/st/stm32cubeide_1.1.0/stm32cubeide/plugins/com.st.stm32cube.ide.mcu.externaltools.gnu-tools-for-stm32.9-2020-q2-update.win32_2.0.0.202105311346/tools/bin/../lib/gcc/arm-none-eabi/9.3.1/thumb/v6-m/nofp\libgcc.a(_dvmd_tls.o)
 .ARM.attributes
                0x0000000000000461       0x1e c:/st/stm32cubeide_1.1.0/stm32cubeide/plugins/com.st.stm32cube.ide.mcu.externaltools.gnu-tools-for-stm32.9-2020-q2-update.win32_2.0.0.202105311346/tools/bin/../lib/gcc/arm-none-eabi/9.3.1/thumb/v6-m/nofp/crtn.o
OUTPUT(BLDC.elf elf32-littlearm)
LOAD linker stubs
LOAD c:/st/stm32cubeide_1.1.0/stm32cubeide/plugins/com.st.stm32cube.ide.mcu.externaltools.gnu-tools-for-stm32.9-2020-q2-update.win32_2.0.0.202105311346/tools/bin/../lib/gcc/arm-none-eabi/9.3.1/../../../../arm-none-eabi/lib/thumb/v6-m/nofp\libc.a
LOAD c:/st/stm32cubeide_1.1.0/stm32cubeide/plugins/com.st.stm32cube.ide.mcu.externaltools.gnu-tools-for-stm32.9-2020-q2-update.win32_2.0.0.202105311346/tools/bin/../lib/gcc/arm-none-eabi/9.3.1/../../../../arm-none-eabi/lib/thumb/v6-m/nofp\libm.a
LOAD c:/st/stm32cubeide_1.1.0/stm32cubeide/plugins/com.st.stm32cube.ide.mcu.externaltools.gnu-tools-for-stm32.9-2020-q2-update.win32_2.0.0.202105311346/tools/bin/../lib/gcc/arm-none-eabi/9.3.1/thumb/v6-m/nofp\libgcc.a

.debug_info     0x0000000000000000    0x13186
 .debug_info    0x0000000000000000     0x134c ./Core/Src/AS5600.o
 .debug_info    0x000000000000134c     0x13bc ./Core/Src/dSW.o
 .debug_info    0x0000000000002708     0x132e ./Core/Src/led.o
 .debug_info    0x0000000000003a36     0x1f01 ./Core/Src/main.o
 .debug_info    0x0000000000005937     0x1a48 ./Core/Src/stm32f0xx_hal_msp.o
 .debug_info    0x000000000000737f     0x14aa ./Core/Src/stm32f0xx_it.o
 .debug_info    0x0000000000008829      0x2c3 ./Core/Src/system_stm32f0xx.o
 .debug_info    0x0000000000008aec       0x22 ./Core/Startup/startup_stm32f042k6ux.o
 .debug_info    0x0000000000008b0e      0x6f4 ./Drivers/STM32F0xx_HAL_Driver/Src/stm32f0xx_hal.o
 .debug_info    0x0000000000009202      0xd6c ./Drivers/STM32F0xx_HAL_Driver/Src/stm32f0xx_hal_adc.o
 .debug_info    0x0000000000009f6e      0x7ca ./Drivers/STM32F0xx_HAL_Driver/Src/stm32f0xx_hal_cortex.o
 .debug_info    0x000000000000a738      0x814 ./Drivers/STM32F0xx_HAL_Driver/Src/stm32f0xx_hal_dma.o
 .debug_info    0x000000000000af4c      0x6ed ./Drivers/STM32F0xx_HAL_Driver/Src/stm32f0xx_hal_gpio.o
 .debug_info    0x000000000000b639     0x219f ./Drivers/STM32F0xx_HAL_Driver/Src/stm32f0xx_hal_i2c.o
 .debug_info    0x000000000000d7d8      0x951 ./Drivers/STM32F0xx_HAL_Driver/Src/stm32f0xx_hal_i2c_ex.o
 .debug_info    0x000000000000e129      0x8b1 ./Drivers/STM32F0xx_HAL_Driver/Src/stm32f0xx_hal_rcc.o
 .debug_info    0x000000000000e9da      0x6c6 ./Drivers/STM32F0xx_HAL_Driver/Src/stm32f0xx_hal_rcc_ex.o
 .debug_info    0x000000000000f0a0     0x2bb3 ./Drivers/STM32F0xx_HAL_Driver/Src/stm32f0xx_hal_tim.o
 .debug_info    0x0000000000011c53     0x1533 ./Drivers/STM32F0xx_HAL_Driver/Src/stm32f0xx_hal_tim_ex.o

.debug_abbrev   0x0000000000000000     0x2722
 .debug_abbrev  0x0000000000000000      0x22a ./Core/Src/AS5600.o
 .debug_abbrev  0x000000000000022a      0x1ec ./Core/Src/dSW.o
 .debug_abbrev  0x0000000000000416      0x217 ./Core/Src/led.o
 .debug_abbrev  0x000000000000062d      0x2eb ./Core/Src/main.o
 .debug_abbrev  0x0000000000000918      0x272 ./Core/Src/stm32f0xx_hal_msp.o
 .debug_abbrev  0x0000000000000b8a      0x1f3 ./Core/Src/stm32f0xx_it.o
 .debug_abbrev  0x0000000000000d7d      0x145 ./Core/Src/system_stm32f0xx.o
 .debug_abbrev  0x0000000000000ec2       0x12 ./Core/Startup/startup_stm32f042k6ux.o
 .debug_abbrev  0x0000000000000ed4      0x21e ./Drivers/STM32F0xx_HAL_Driver/Src/stm32f0xx_hal.o
 .debug_abbrev  0x00000000000010f2      0x231 ./Drivers/STM32F0xx_HAL_Driver/Src/stm32f0xx_hal_adc.o
 .debug_abbrev  0x0000000000001323      0x2a9 ./Drivers/STM32F0xx_HAL_Driver/Src/stm32f0xx_hal_cortex.o
 .debug_abbrev  0x00000000000015cc      0x242 ./Drivers/STM32F0xx_HAL_Driver/Src/stm32f0xx_hal_dma.o
 .debug_abbrev  0x000000000000180e      0x1e8 ./Drivers/STM32F0xx_HAL_Driver/Src/stm32f0xx_hal_gpio.o
 .debug_abbrev  0x00000000000019f6      0x256 ./Drivers/STM32F0xx_HAL_Driver/Src/stm32f0xx_hal_i2c.o
 .debug_abbrev  0x0000000000001c4c      0x1dd ./Drivers/STM32F0xx_HAL_Driver/Src/stm32f0xx_hal_i2c_ex.o
 .debug_abbrev  0x0000000000001e29      0x23b ./Drivers/STM32F0xx_HAL_Driver/Src/stm32f0xx_hal_rcc.o
 .debug_abbrev  0x0000000000002064      0x1fa ./Drivers/STM32F0xx_HAL_Driver/Src/stm32f0xx_hal_rcc_ex.o
 .debug_abbrev  0x000000000000225e      0x25e ./Drivers/STM32F0xx_HAL_Driver/Src/stm32f0xx_hal_tim.o
 .debug_abbrev  0x00000000000024bc      0x266 ./Drivers/STM32F0xx_HAL_Driver/Src/stm32f0xx_hal_tim_ex.o

.debug_aranges  0x0000000000000000      0xe50
 .debug_aranges
                0x0000000000000000       0x28 ./Core/Src/AS5600.o
 .debug_aranges
                0x0000000000000028       0x20 ./Core/Src/dSW.o
 .debug_aranges
                0x0000000000000048       0x28 ./Core/Src/led.o
 .debug_aranges
                0x0000000000000070       0x70 ./Core/Src/main.o
 .debug_aranges
                0x00000000000000e0       0x58 ./Core/Src/stm32f0xx_hal_msp.o
 .debug_aranges
                0x0000000000000138       0x58 ./Core/Src/stm32f0xx_it.o
 .debug_aranges
                0x0000000000000190       0x28 ./Core/Src/system_stm32f0xx.o
 .debug_aranges
                0x00000000000001b8       0x28 ./Core/Startup/startup_stm32f042k6ux.o
 .debug_aranges
                0x00000000000001e0       0xd0 ./Drivers/STM32F0xx_HAL_Driver/Src/stm32f0xx_hal.o
 .debug_aranges
                0x00000000000002b0       0xf8 ./Drivers/STM32F0xx_HAL_Driver/Src/stm32f0xx_hal_adc.o
 .debug_aranges
                0x00000000000003a8       0xc0 ./Drivers/STM32F0xx_HAL_Driver/Src/stm32f0xx_hal_cortex.o
 .debug_aranges
                0x0000000000000468       0x88 ./Drivers/STM32F0xx_HAL_Driver/Src/stm32f0xx_hal_dma.o
 .debug_aranges
                0x00000000000004f0       0x58 ./Drivers/STM32F0xx_HAL_Driver/Src/stm32f0xx_hal_gpio.o
 .debug_aranges
                0x0000000000000548      0x290 ./Drivers/STM32F0xx_HAL_Driver/Src/stm32f0xx_hal_i2c.o
 .debug_aranges
                0x00000000000007d8       0x48 ./Drivers/STM32F0xx_HAL_Driver/Src/stm32f0xx_hal_i2c_ex.o
 .debug_aranges
                0x0000000000000820       0x80 ./Drivers/STM32F0xx_HAL_Driver/Src/stm32f0xx_hal_rcc.o
 .debug_aranges
                0x00000000000008a0       0x78 ./Drivers/STM32F0xx_HAL_Driver/Src/stm32f0xx_hal_rcc_ex.o
 .debug_aranges
                0x0000000000000918      0x3d0 ./Drivers/STM32F0xx_HAL_Driver/Src/stm32f0xx_hal_tim.o
 .debug_aranges
                0x0000000000000ce8      0x168 ./Drivers/STM32F0xx_HAL_Driver/Src/stm32f0xx_hal_tim_ex.o

.debug_ranges   0x0000000000000000      0xd28
 .debug_ranges  0x0000000000000000       0x18 ./Core/Src/AS5600.o
 .debug_ranges  0x0000000000000018       0x10 ./Core/Src/dSW.o
 .debug_ranges  0x0000000000000028       0x18 ./Core/Src/led.o
 .debug_ranges  0x0000000000000040       0x60 ./Core/Src/main.o
 .debug_ranges  0x00000000000000a0       0x48 ./Core/Src/stm32f0xx_hal_msp.o
 .debug_ranges  0x00000000000000e8       0x48 ./Core/Src/stm32f0xx_it.o
 .debug_ranges  0x0000000000000130       0x18 ./Core/Src/system_stm32f0xx.o
 .debug_ranges  0x0000000000000148       0x20 ./Core/Startup/startup_stm32f042k6ux.o
 .debug_ranges  0x0000000000000168       0xc0 ./Drivers/STM32F0xx_HAL_Driver/Src/stm32f0xx_hal.o
 .debug_ranges  0x0000000000000228       0xe8 ./Drivers/STM32F0xx_HAL_Driver/Src/stm32f0xx_hal_adc.o
 .debug_ranges  0x0000000000000310       0xb0 ./Drivers/STM32F0xx_HAL_Driver/Src/stm32f0xx_hal_cortex.o
 .debug_ranges  0x00000000000003c0       0x78 ./Drivers/STM32F0xx_HAL_Driver/Src/stm32f0xx_hal_dma.o
 .debug_ranges  0x0000000000000438       0x48 ./Drivers/STM32F0xx_HAL_Driver/Src/stm32f0xx_hal_gpio.o
 .debug_ranges  0x0000000000000480      0x280 ./Drivers/STM32F0xx_HAL_Driver/Src/stm32f0xx_hal_i2c.o
 .debug_ranges  0x0000000000000700       0x38 ./Drivers/STM32F0xx_HAL_Driver/Src/stm32f0xx_hal_i2c_ex.o
 .debug_ranges  0x0000000000000738       0x70 ./Drivers/STM32F0xx_HAL_Driver/Src/stm32f0xx_hal_rcc.o
 .debug_ranges  0x00000000000007a8       0x68 ./Drivers/STM32F0xx_HAL_Driver/Src/stm32f0xx_hal_rcc_ex.o
 .debug_ranges  0x0000000000000810      0x3c0 ./Drivers/STM32F0xx_HAL_Driver/Src/stm32f0xx_hal_tim.o
 .debug_ranges  0x0000000000000bd0      0x158 ./Drivers/STM32F0xx_HAL_Driver/Src/stm32f0xx_hal_tim_ex.o

.debug_macro    0x0000000000000000    0x1a474
 .debug_macro   0x0000000000000000      0x380 ./Core/Src/AS5600.o
 .debug_macro   0x0000000000000380      0xa7e ./Core/Src/AS5600.o
 .debug_macro   0x0000000000000dfe       0x22 ./Core/Src/AS5600.o
 .debug_macro   0x0000000000000e20       0x8e ./Core/Src/AS5600.o
 .debug_macro   0x0000000000000eae       0x51 ./Core/Src/AS5600.o
 .debug_macro   0x0000000000000eff      0x103 ./Core/Src/AS5600.o
 .debug_macro   0x0000000000001002       0x6a ./Core/Src/AS5600.o
 .debug_macro   0x000000000000106c      0x1df ./Core/Src/AS5600.o
 .debug_macro   0x000000000000124b       0x52 ./Core/Src/AS5600.o
 .debug_macro   0x000000000000129d       0x18 ./Core/Src/AS5600.o
 .debug_macro   0x00000000000012b5       0x3c ./Core/Src/AS5600.o
 .debug_macro   0x00000000000012f1       0x34 ./Core/Src/AS5600.o
 .debug_macro   0x0000000000001325       0x16 ./Core/Src/AS5600.o
 .debug_macro   0x000000000000133b       0x97 ./Core/Src/AS5600.o
 .debug_macro   0x00000000000013d2      0x339 ./Core/Src/AS5600.o
 .debug_macro   0x000000000000170b       0xfd ./Core/Src/AS5600.o
 .debug_macro   0x0000000000001808       0x10 ./Core/Src/AS5600.o
 .debug_macro   0x0000000000001818       0x16 ./Core/Src/AS5600.o
 .debug_macro   0x000000000000182e       0x43 ./Core/Src/AS5600.o
 .debug_macro   0x0000000000001871       0x34 ./Core/Src/AS5600.o
 .debug_macro   0x00000000000018a5       0x10 ./Core/Src/AS5600.o
 .debug_macro   0x00000000000018b5       0x58 ./Core/Src/AS5600.o
 .debug_macro   0x000000000000190d       0x71 ./Core/Src/AS5600.o
 .debug_macro   0x000000000000197e       0x1c ./Core/Src/AS5600.o
 .debug_macro   0x000000000000199a      0x12a ./Core/Src/AS5600.o
 .debug_macro   0x0000000000001ac4       0x10 ./Core/Src/AS5600.o
 .debug_macro   0x0000000000001ad4       0x1c ./Core/Src/AS5600.o
 .debug_macro   0x0000000000001af0       0x52 ./Core/Src/AS5600.o
 .debug_macro   0x0000000000001b42       0x22 ./Core/Src/AS5600.o
 .debug_macro   0x0000000000001b64       0x10 ./Core/Src/AS5600.o
 .debug_macro   0x0000000000001b74       0x40 ./Core/Src/AS5600.o
 .debug_macro   0x0000000000001bb4       0xd5 ./Core/Src/AS5600.o
 .debug_macro   0x0000000000001c89       0x1c ./Core/Src/AS5600.o
 .debug_macro   0x0000000000001ca5       0x3d ./Core/Src/AS5600.o
 .debug_macro   0x0000000000001ce2       0x16 ./Core/Src/AS5600.o
 .debug_macro   0x0000000000001cf8      0x145 ./Core/Src/AS5600.o
 .debug_macro   0x0000000000001e3d      0x133 ./Core/Src/AS5600.o
 .debug_macro   0x0000000000001f70       0x2e ./Core/Src/AS5600.o
 .debug_macro   0x0000000000001f9e       0x22 ./Core/Src/AS5600.o
 .debug_macro   0x0000000000001fc0       0x1c ./Core/Src/AS5600.o
 .debug_macro   0x0000000000001fdc       0x22 ./Core/Src/AS5600.o
 .debug_macro   0x0000000000001ffe       0xaf ./Core/Src/AS5600.o
 .debug_macro   0x00000000000020ad      0x391 ./Core/Src/AS5600.o
 .debug_macro   0x000000000000243e     0xf1ed ./Core/Src/AS5600.o
 .debug_macro   0x000000000001162b       0x66 ./Core/Src/AS5600.o
 .debug_macro   0x0000000000011691     0x34a6 ./Core/Src/AS5600.o
 .debug_macro   0x0000000000014b37       0x4f ./Core/Src/AS5600.o
 .debug_macro   0x0000000000014b86      0x946 ./Core/Src/AS5600.o
 .debug_macro   0x00000000000154cc      0x46b ./Core/Src/AS5600.o
 .debug_macro   0x0000000000015937      0x1af ./Core/Src/AS5600.o
 .debug_macro   0x0000000000015ae6      0x130 ./Core/Src/AS5600.o
 .debug_macro   0x0000000000015c16      0x199 ./Core/Src/AS5600.o
 .debug_macro   0x0000000000015daf      0x1ed ./Core/Src/AS5600.o
 .debug_macro   0x0000000000015f9c       0x34 ./Core/Src/AS5600.o
 .debug_macro   0x0000000000015fd0       0x43 ./Core/Src/AS5600.o
 .debug_macro   0x0000000000016013       0x28 ./Core/Src/AS5600.o
 .debug_macro   0x000000000001603b      0x33d ./Core/Src/AS5600.o
 .debug_macro   0x0000000000016378       0xce ./Core/Src/AS5600.o
 .debug_macro   0x0000000000016446       0xb0 ./Core/Src/AS5600.o
 .debug_macro   0x00000000000164f6      0x182 ./Core/Src/AS5600.o
 .debug_macro   0x0000000000016678      0x22c ./Core/Src/AS5600.o
 .debug_macro   0x00000000000168a4       0x61 ./Core/Src/AS5600.o
 .debug_macro   0x0000000000016905       0xa5 ./Core/Src/AS5600.o
 .debug_macro   0x00000000000169aa       0x4c ./Core/Src/AS5600.o
 .debug_macro   0x00000000000169f6      0x15b ./Core/Src/AS5600.o
 .debug_macro   0x0000000000016b51      0x8d8 ./Core/Src/AS5600.o
 .debug_macro   0x0000000000017429       0x28 ./Core/Src/AS5600.o
 .debug_macro   0x0000000000017451      0x12e ./Core/Src/AS5600.o
 .debug_macro   0x000000000001757f       0x22 ./Core/Src/AS5600.o
 .debug_macro   0x00000000000175a1       0x34 ./Core/Src/AS5600.o
 .debug_macro   0x00000000000175d5       0x1c ./Core/Src/AS5600.o
 .debug_macro   0x00000000000175f1       0x4c ./Core/Src/AS5600.o
 .debug_macro   0x000000000001763d       0x7c ./Core/Src/AS5600.o
 .debug_macro   0x00000000000176b9      0x380 ./Core/Src/dSW.o
 .debug_macro   0x0000000000017a39       0xb5 ./Core/Src/dSW.o
 .debug_macro   0x0000000000017aee      0x174 ./Core/Src/dSW.o
 .debug_macro   0x0000000000017c62       0x55 ./Core/Src/dSW.o
 .debug_macro   0x0000000000017cb7       0x35 ./Core/Src/dSW.o
 .debug_macro   0x0000000000017cec      0x333 ./Core/Src/dSW.o
 .debug_macro   0x000000000001801f      0x380 ./Core/Src/led.o
 .debug_macro   0x000000000001839f      0x388 ./Core/Src/main.o
 .debug_macro   0x0000000000018727      0x37c ./Core/Src/stm32f0xx_hal_msp.o
 .debug_macro   0x0000000000018aa3      0x380 ./Core/Src/stm32f0xx_it.o
 .debug_macro   0x0000000000018e23      0x1c2 ./Core/Src/system_stm32f0xx.o
 .debug_macro   0x0000000000018fe5      0x1e6 ./Drivers/STM32F0xx_HAL_Driver/Src/stm32f0xx_hal.o
 .debug_macro   0x00000000000191cb      0x1e6 ./Drivers/STM32F0xx_HAL_Driver/Src/stm32f0xx_hal_adc.o
 .debug_macro   0x00000000000193b1      0x1c2 ./Drivers/STM32F0xx_HAL_Driver/Src/stm32f0xx_hal_cortex.o
 .debug_macro   0x0000000000019573      0x1c2 ./Drivers/STM32F0xx_HAL_Driver/Src/stm32f0xx_hal_dma.o
 .debug_macro   0x0000000000019735      0x1c9 ./Drivers/STM32F0xx_HAL_Driver/Src/stm32f0xx_hal_gpio.o
 .debug_macro   0x00000000000198fe      0x287 ./Drivers/STM32F0xx_HAL_Driver/Src/stm32f0xx_hal_i2c.o
 .debug_macro   0x0000000000019b85      0x1c2 ./Drivers/STM32F0xx_HAL_Driver/Src/stm32f0xx_hal_i2c_ex.o
 .debug_macro   0x0000000000019d47      0x1d4 ./Drivers/STM32F0xx_HAL_Driver/Src/stm32f0xx_hal_rcc.o
 .debug_macro   0x0000000000019f1b      0x1d4 ./Drivers/STM32F0xx_HAL_Driver/Src/stm32f0xx_hal_rcc_ex.o
 .debug_macro   0x000000000001a0ef      0x1c3 ./Drivers/STM32F0xx_HAL_Driver/Src/stm32f0xx_hal_tim.o
 .debug_macro   0x000000000001a2b2      0x1c2 ./Drivers/STM32F0xx_HAL_Driver/Src/stm32f0xx_hal_tim_ex.o

.debug_line     0x0000000000000000    0x1249b
 .debug_line    0x0000000000000000      0x94a ./Core/Src/AS5600.o
 .debug_line    0x000000000000094a      0x916 ./Core/Src/dSW.o
 .debug_line    0x0000000000001260      0x95d ./Core/Src/led.o
 .debug_line    0x0000000000001bbd      0xc96 ./Core/Src/main.o
 .debug_line    0x0000000000002853      0xa90 ./Core/Src/stm32f0xx_hal_msp.o
 .debug_line    0x00000000000032e3      0x9ac ./Core/Src/stm32f0xx_it.o
 .debug_line    0x0000000000003c8f      0x768 ./Core/Src/system_stm32f0xx.o
 .debug_line    0x00000000000043f7       0x9b ./Core/Startup/startup_stm32f042k6ux.o
 .debug_line    0x0000000000004492      0x95b ./Drivers/STM32F0xx_HAL_Driver/Src/stm32f0xx_hal.o
 .debug_line    0x0000000000004ded     0x11a1 ./Drivers/STM32F0xx_HAL_Driver/Src/stm32f0xx_hal_adc.o
 .debug_line    0x0000000000005f8e      0xa07 ./Drivers/STM32F0xx_HAL_Driver/Src/stm32f0xx_hal_cortex.o
 .debug_line    0x0000000000006995      0xc77 ./Drivers/STM32F0xx_HAL_Driver/Src/stm32f0xx_hal_dma.o
 .debug_line    0x000000000000760c      0xac5 ./Drivers/STM32F0xx_HAL_Driver/Src/stm32f0xx_hal_gpio.o
 .debug_line    0x00000000000080d1     0x32ab ./Drivers/STM32F0xx_HAL_Driver/Src/stm32f0xx_hal_i2c.o
 .debug_line    0x000000000000b37c      0x8fe ./Drivers/STM32F0xx_HAL_Driver/Src/stm32f0xx_hal_i2c_ex.o
 .debug_line    0x000000000000bc7a      0xdea ./Drivers/STM32F0xx_HAL_Driver/Src/stm32f0xx_hal_rcc.o
 .debug_line    0x000000000000ca64      0xb99 ./Drivers/STM32F0xx_HAL_Driver/Src/stm32f0xx_hal_rcc_ex.o
 .debug_line    0x000000000000d5fd     0x35d6 ./Drivers/STM32F0xx_HAL_Driver/Src/stm32f0xx_hal_tim.o
 .debug_line    0x0000000000010bd3     0x18c8 ./Drivers/STM32F0xx_HAL_Driver/Src/stm32f0xx_hal_tim_ex.o

.debug_str      0x0000000000000000    0x917fe
 .debug_str     0x0000000000000000    0x8dc3d ./Core/Src/AS5600.o
                                      0x8e045 (size before relaxing)
 .debug_str     0x000000000008dc3d       0x6d ./Core/Src/dSW.o
                                      0x8e05a (size before relaxing)
 .debug_str     0x000000000008dcaa       0x43 ./Core/Src/led.o
                                      0x8e036 (size before relaxing)
 .debug_str     0x000000000008dced      0x7ed ./Core/Src/main.o
                                      0x8e8d8 (size before relaxing)
 .debug_str     0x000000000008e4da       0xbf ./Core/Src/stm32f0xx_hal_msp.o
                                      0x8e4b0 (size before relaxing)
 .debug_str     0x000000000008e599       0x94 ./Core/Src/stm32f0xx_it.o
                                      0x8e12a (size before relaxing)
 .debug_str     0x000000000008e62d       0x5f ./Core/Src/system_stm32f0xx.o
                                      0x892d1 (size before relaxing)
 .debug_str     0x000000000008e68c       0x36 ./Core/Startup/startup_stm32f042k6ux.o
                                         0x53 (size before relaxing)
 .debug_str     0x000000000008e6c2      0x305 ./Drivers/STM32F0xx_HAL_Driver/Src/stm32f0xx_hal.o
                                      0x897fb (size before relaxing)
 .debug_str     0x000000000008e9c7      0x37f ./Drivers/STM32F0xx_HAL_Driver/Src/stm32f0xx_hal_adc.o
                                      0x899d1 (size before relaxing)
 .debug_str     0x000000000008ed46      0x1dc ./Drivers/STM32F0xx_HAL_Driver/Src/stm32f0xx_hal_cortex.o
                                      0x896af (size before relaxing)
 .debug_str     0x000000000008ef22      0x24d ./Drivers/STM32F0xx_HAL_Driver/Src/stm32f0xx_hal_dma.o
                                      0x896a9 (size before relaxing)
 .debug_str     0x000000000008f16f      0x14b ./Drivers/STM32F0xx_HAL_Driver/Src/stm32f0xx_hal_gpio.o
                                      0x894b0 (size before relaxing)
 .debug_str     0x000000000008f2ba      0xdbc ./Drivers/STM32F0xx_HAL_Driver/Src/stm32f0xx_hal_i2c.o
                                      0x8a585 (size before relaxing)
 .debug_str     0x0000000000090076       0xb8 ./Drivers/STM32F0xx_HAL_Driver/Src/stm32f0xx_hal_i2c_ex.o
                                      0x8986f (size before relaxing)
 .debug_str     0x000000000009012e      0x235 ./Drivers/STM32F0xx_HAL_Driver/Src/stm32f0xx_hal_rcc.o
                                      0x896e6 (size before relaxing)
 .debug_str     0x0000000000090363      0x2c9 ./Drivers/STM32F0xx_HAL_Driver/Src/stm32f0xx_hal_rcc_ex.o
                                      0x896ae (size before relaxing)
 .debug_str     0x000000000009062c      0xd78 ./Drivers/STM32F0xx_HAL_Driver/Src/stm32f0xx_hal_tim.o
                                      0x8a68c (size before relaxing)
 .debug_str     0x00000000000913a4      0x45a ./Drivers/STM32F0xx_HAL_Driver/Src/stm32f0xx_hal_tim_ex.o
                                      0x89e3d (size before relaxing)

.comment        0x0000000000000000       0x53
 .comment       0x0000000000000000       0x53 ./Core/Src/AS5600.o
                                         0x54 (size before relaxing)
 .comment       0x0000000000000053       0x54 ./Core/Src/dSW.o
 .comment       0x0000000000000053       0x54 ./Core/Src/led.o
 .comment       0x0000000000000053       0x54 ./Core/Src/main.o
 .comment       0x0000000000000053       0x54 ./Core/Src/stm32f0xx_hal_msp.o
 .comment       0x0000000000000053       0x54 ./Core/Src/stm32f0xx_it.o
 .comment       0x0000000000000053       0x54 ./Core/Src/system_stm32f0xx.o
 .comment       0x0000000000000053       0x54 ./Drivers/STM32F0xx_HAL_Driver/Src/stm32f0xx_hal.o
 .comment       0x0000000000000053       0x54 ./Drivers/STM32F0xx_HAL_Driver/Src/stm32f0xx_hal_adc.o
 .comment       0x0000000000000053       0x54 ./Drivers/STM32F0xx_HAL_Driver/Src/stm32f0xx_hal_cortex.o
 .comment       0x0000000000000053       0x54 ./Drivers/STM32F0xx_HAL_Driver/Src/stm32f0xx_hal_dma.o
 .comment       0x0000000000000053       0x54 ./Drivers/STM32F0xx_HAL_Driver/Src/stm32f0xx_hal_gpio.o
 .comment       0x0000000000000053       0x54 ./Drivers/STM32F0xx_HAL_Driver/Src/stm32f0xx_hal_i2c.o
 .comment       0x0000000000000053       0x54 ./Drivers/STM32F0xx_HAL_Driver/Src/stm32f0xx_hal_i2c_ex.o
 .comment       0x0000000000000053       0x54 ./Drivers/STM32F0xx_HAL_Driver/Src/stm32f0xx_hal_rcc.o
 .comment       0x0000000000000053       0x54 ./Drivers/STM32F0xx_HAL_Driver/Src/stm32f0xx_hal_rcc_ex.o
 .comment       0x0000000000000053       0x54 ./Drivers/STM32F0xx_HAL_Driver/Src/stm32f0xx_hal_tim.o
 .comment       0x0000000000000053       0x54 ./Drivers/STM32F0xx_HAL_Driver/Src/stm32f0xx_hal_tim_ex.o

.debug_frame    0x0000000000000000     0x3368
 .debug_frame   0x0000000000000000       0x50 ./Core/Src/AS5600.o
 .debug_frame   0x0000000000000050       0x30 ./Core/Src/dSW.o
 .debug_frame   0x0000000000000080       0x54 ./Core/Src/led.o
 .debug_frame   0x00000000000000d4      0x164 ./Core/Src/main.o
 .debug_frame   0x0000000000000238      0x110 ./Core/Src/stm32f0xx_hal_msp.o
 .debug_frame   0x0000000000000348       0xf0 ./Core/Src/stm32f0xx_it.o
 .debug_frame   0x0000000000000438       0x4c ./Core/Src/system_stm32f0xx.o
 .debug_frame   0x0000000000000484      0x2a4 ./Drivers/STM32F0xx_HAL_Driver/Src/stm32f0xx_hal.o
 .debug_frame   0x0000000000000728      0x3a0 ./Drivers/STM32F0xx_HAL_Driver/Src/stm32f0xx_hal_adc.o
 .debug_frame   0x0000000000000ac8      0x2a0 ./Drivers/STM32F0xx_HAL_Driver/Src/stm32f0xx_hal_cortex.o
 .debug_frame   0x0000000000000d68      0x1d0 ./Drivers/STM32F0xx_HAL_Driver/Src/stm32f0xx_hal_dma.o
 .debug_frame   0x0000000000000f38      0x110 ./Drivers/STM32F0xx_HAL_Driver/Src/stm32f0xx_hal_gpio.o
 .debug_frame   0x0000000000001048      0xa24 ./Drivers/STM32F0xx_HAL_Driver/Src/stm32f0xx_hal_i2c.o
 .debug_frame   0x0000000000001a6c       0xd0 ./Drivers/STM32F0xx_HAL_Driver/Src/stm32f0xx_hal_i2c_ex.o
 .debug_frame   0x0000000000001b3c      0x198 ./Drivers/STM32F0xx_HAL_Driver/Src/stm32f0xx_hal_rcc.o
 .debug_frame   0x0000000000001cd4      0x180 ./Drivers/STM32F0xx_HAL_Driver/Src/stm32f0xx_hal_rcc_ex.o
 .debug_frame   0x0000000000001e54      0xf00 ./Drivers/STM32F0xx_HAL_Driver/Src/stm32f0xx_hal_tim.o
 .debug_frame   0x0000000000002d54      0x560 ./Drivers/STM32F0xx_HAL_Driver/Src/stm32f0xx_hal_tim_ex.o
 .debug_frame   0x00000000000032b4       0x2c c:/st/stm32cubeide_1.1.0/stm32cubeide/plugins/com.st.stm32cube.ide.mcu.externaltools.gnu-tools-for-stm32.9-2020-q2-update.win32_2.0.0.202105311346/tools/bin/../lib/gcc/arm-none-eabi/9.3.1/../../../../arm-none-eabi/lib/thumb/v6-m/nofp\libc_nano.a(lib_a-init.o)
 .debug_frame   0x00000000000032e0       0x28 c:/st/stm32cubeide_1.1.0/stm32cubeide/plugins/com.st.stm32cube.ide.mcu.externaltools.gnu-tools-for-stm32.9-2020-q2-update.win32_2.0.0.202105311346/tools/bin/../lib/gcc/arm-none-eabi/9.3.1/../../../../arm-none-eabi/lib/thumb/v6-m/nofp\libc_nano.a(lib_a-memcpy-stub.o)
 .debug_frame   0x0000000000003308       0x20 c:/st/stm32cubeide_1.1.0/stm32cubeide/plugins/com.st.stm32cube.ide.mcu.externaltools.gnu-tools-for-stm32.9-2020-q2-update.win32_2.0.0.202105311346/tools/bin/../lib/gcc/arm-none-eabi/9.3.1/../../../../arm-none-eabi/lib/thumb/v6-m/nofp\libc_nano.a(lib_a-memset.o)
 .debug_frame   0x0000000000003328       0x20 c:/st/stm32cubeide_1.1.0/stm32cubeide/plugins/com.st.stm32cube.ide.mcu.externaltools.gnu-tools-for-stm32.9-2020-q2-update.win32_2.0.0.202105311346/tools/bin/../lib/gcc/arm-none-eabi/9.3.1/thumb/v6-m/nofp\libgcc.a(_udivsi3.o)
 .debug_frame   0x0000000000003348       0x20 c:/st/stm32cubeide_1.1.0/stm32cubeide/plugins/com.st.stm32cube.ide.mcu.externaltools.gnu-tools-for-stm32.9-2020-q2-update.win32_2.0.0.202105311346/tools/bin/../lib/gcc/arm-none-eabi/9.3.1/thumb/v6-m/nofp\libgcc.a(_divsi3.o)
